// Jest Snapshot v1, https://goo.gl/fbAQLP

exports[`Test FunLoader should be able to render the component 1`] = `
<div
  className="FunLoader"
>
  <span
    className="fa fa-grav"
  />
</div>
`;
